test_archived_formula_does_not_require_specific_local_variable_names (__main__.FormulaResearchTests.test_archived_formula_does_not_require_specific_local_variable_names) ... FAIL
test_comments_strings_and_wrong_sign_or_coefficient_do_not_prove_formula (__main__.FormulaResearchTests.test_comments_strings_and_wrong_sign_or_coefficient_do_not_prove_formula) ... 
  test_comments_strings_and_wrong_sign_or_coefficient_do_not_prove_formula (__main__.FormulaResearchTests.test_comments_strings_and_wrong_sign_or_coefficient_do_not_prove_formula) (source='# avg_rating and 2 * pct_below_3stars\npass') ... FAIL
  test_comments_strings_and_wrong_sign_or_coefficient_do_not_prove_formula (__main__.FormulaResearchTests.test_comments_strings_and_wrong_sign_or_coefficient_do_not_prove_formula) (source='text="(avg_rating/5)*100 - 2*pct_below_3stars"') ... FAIL
  test_comments_strings_and_wrong_sign_or_coefficient_do_not_prove_formula (__main__.FormulaResearchTests.test_comments_strings_and_wrong_sign_or_coefficient_do_not_prove_formula) (source='qscore=(avg_rating/5)*100 + 2*pct_below_3stars') ... FAIL
  test_comments_strings_and_wrong_sign_or_coefficient_do_not_prove_formula (__main__.FormulaResearchTests.test_comments_strings_and_wrong_sign_or_coefficient_do_not_prove_formula) (source='qscore=(avg_rating/5)*100 - 3*pct_below_3stars') ... FAIL
test_metric_roles_dead_code_and_unused_formula_are_not_computation (__main__.FormulaResearchTests.test_metric_roles_dead_code_and_unused_formula_are_not_computation) ... 
  test_metric_roles_dead_code_and_unused_formula_are_not_computation (__main__.FormulaResearchTests.test_metric_roles_dead_code_and_unused_formula_are_not_computation) (source='qscore=(pct_below_3stars/5)*100 - 2*avg_rating') ... FAIL
  test_metric_roles_dead_code_and_unused_formula_are_not_computation (__main__.FormulaResearchTests.test_metric_roles_dead_code_and_unused_formula_are_not_computation) (source='if False:\n    qscore=(avg_rating/5)*100 - 2*pct_below_3stars') ... FAIL
  test_metric_roles_dead_code_and_unused_formula_are_not_computation (__main__.FormulaResearchTests.test_metric_roles_dead_code_and_unused_formula_are_not_computation) (source='unused=(avg_rating/5)*100 - 2*pct_below_3stars\nqscore=0') ... FAIL

======================================================================
FAIL: test_archived_formula_does_not_require_specific_local_variable_names (__main__.FormulaResearchTests.test_archived_formula_does_not_require_specific_local_variable_names)
----------------------------------------------------------------------
Traceback (most recent call last):
  File "/private/tmp/cowork-fix-noise-formula/tests/graders/research_formula.py", line 7, in test_archived_formula_does_not_require_specific_local_variable_names
    self.assertTrue(self.formula())
AssertionError: False is not true

======================================================================
FAIL: test_comments_strings_and_wrong_sign_or_coefficient_do_not_prove_formula (__main__.FormulaResearchTests.test_comments_strings_and_wrong_sign_or_coefficient_do_not_prove_formula) (source='# avg_rating and 2 * pct_below_3stars\npass')
----------------------------------------------------------------------
Traceback (most recent call last):
  File "/private/tmp/cowork-fix-noise-formula/tests/graders/research_formula.py", line 17, in test_comments_strings_and_wrong_sign_or_coefficient_do_not_prove_formula
    self.assertFalse(self.formula(source))
AssertionError: True is not false

======================================================================
FAIL: test_comments_strings_and_wrong_sign_or_coefficient_do_not_prove_formula (__main__.FormulaResearchTests.test_comments_strings_and_wrong_sign_or_coefficient_do_not_prove_formula) (source='text="(avg_rating/5)*100 - 2*pct_below_3stars"')
----------------------------------------------------------------------
Traceback (most recent call last):
  File "/private/tmp/cowork-fix-noise-formula/tests/graders/research_formula.py", line 17, in test_comments_strings_and_wrong_sign_or_coefficient_do_not_prove_formula
    self.assertFalse(self.formula(source))
AssertionError: True is not false

======================================================================
FAIL: test_comments_strings_and_wrong_sign_or_coefficient_do_not_prove_formula (__main__.FormulaResearchTests.test_comments_strings_and_wrong_sign_or_coefficient_do_not_prove_formula) (source='qscore=(avg_rating/5)*100 + 2*pct_below_3stars')
----------------------------------------------------------------------
Traceback (most recent call last):
  File "/private/tmp/cowork-fix-noise-formula/tests/graders/research_formula.py", line 17, in test_comments_strings_and_wrong_sign_or_coefficient_do_not_prove_formula
    self.assertFalse(self.formula(source))
AssertionError: True is not false

======================================================================
FAIL: test_comments_strings_and_wrong_sign_or_coefficient_do_not_prove_formula (__main__.FormulaResearchTests.test_comments_strings_and_wrong_sign_or_coefficient_do_not_prove_formula) (source='qscore=(avg_rating/5)*100 - 3*pct_below_3stars')
----------------------------------------------------------------------
Traceback (most recent call last):
  File "/private/tmp/cowork-fix-noise-formula/tests/graders/research_formula.py", line 17, in test_comments_strings_and_wrong_sign_or_coefficient_do_not_prove_formula
    self.assertFalse(self.formula(source))
AssertionError: True is not false

======================================================================
FAIL: test_metric_roles_dead_code_and_unused_formula_are_not_computation (__main__.FormulaResearchTests.test_metric_roles_dead_code_and_unused_formula_are_not_computation) (source='qscore=(pct_below_3stars/5)*100 - 2*avg_rating')
----------------------------------------------------------------------
Traceback (most recent call last):
  File "/private/tmp/cowork-fix-noise-formula/tests/graders/research_formula.py", line 27, in test_metric_roles_dead_code_and_unused_formula_are_not_computation
    self.assertFalse(self.formula(source))
AssertionError: True is not false

======================================================================
FAIL: test_metric_roles_dead_code_and_unused_formula_are_not_computation (__main__.FormulaResearchTests.test_metric_roles_dead_code_and_unused_formula_are_not_computation) (source='if False:\n    qscore=(avg_rating/5)*100 - 2*pct_below_3stars')
----------------------------------------------------------------------
Traceback (most recent call last):
  File "/private/tmp/cowork-fix-noise-formula/tests/graders/research_formula.py", line 27, in test_metric_roles_dead_code_and_unused_formula_are_not_computation
    self.assertFalse(self.formula(source))
AssertionError: True is not false

======================================================================
FAIL: test_metric_roles_dead_code_and_unused_formula_are_not_computation (__main__.FormulaResearchTests.test_metric_roles_dead_code_and_unused_formula_are_not_computation) (source='unused=(avg_rating/5)*100 - 2*pct_below_3stars\nqscore=0')
----------------------------------------------------------------------
Traceback (most recent call last):
  File "/private/tmp/cowork-fix-noise-formula/tests/graders/research_formula.py", line 27, in test_metric_roles_dead_code_and_unused_formula_are_not_computation
    self.assertFalse(self.formula(source))
AssertionError: True is not false

----------------------------------------------------------------------
Ran 3 tests in 0.242s

FAILED (failures=8)
