test_archived_explicit_exclusion_is_not_noise_inclusion (test_remaining_noise_formula.RemainingLanguageTests.test_archived_explicit_exclusion_is_not_noise_inclusion) ... FAIL
test_archived_fixture_hashes (test_remaining_noise_formula.RemainingLanguageTests.test_archived_fixture_hashes) ... ok
test_archived_formula_does_not_require_specific_local_variable_names (test_remaining_noise_formula.RemainingLanguageTests.test_archived_formula_does_not_require_specific_local_variable_names) ... FAIL
test_comments_strings_and_wrong_sign_or_coefficient_do_not_prove_formula (test_remaining_noise_formula.RemainingLanguageTests.test_comments_strings_and_wrong_sign_or_coefficient_do_not_prove_formula) ... 
  test_comments_strings_and_wrong_sign_or_coefficient_do_not_prove_formula (test_remaining_noise_formula.RemainingLanguageTests.test_comments_strings_and_wrong_sign_or_coefficient_do_not_prove_formula) (source='# avg_rating and 2 * pct_below_3stars\npass') ... FAIL
  test_comments_strings_and_wrong_sign_or_coefficient_do_not_prove_formula (test_remaining_noise_formula.RemainingLanguageTests.test_comments_strings_and_wrong_sign_or_coefficient_do_not_prove_formula) (source='text="(avg_rating/5)*100 - 2*pct_below_3stars"') ... FAIL
  test_comments_strings_and_wrong_sign_or_coefficient_do_not_prove_formula (test_remaining_noise_formula.RemainingLanguageTests.test_comments_strings_and_wrong_sign_or_coefficient_do_not_prove_formula) (source='qscore=(avg_rating/5)*100 + 2*pct_below_3stars') ... FAIL
  test_comments_strings_and_wrong_sign_or_coefficient_do_not_prove_formula (test_remaining_noise_formula.RemainingLanguageTests.test_comments_strings_and_wrong_sign_or_coefficient_do_not_prove_formula) (source='qscore=(avg_rating/5)*100 - 3*pct_below_3stars') ... FAIL
test_exclusion_notice_must_not_hide_a_second_positive_noise_section (test_remaining_noise_formula.RemainingLanguageTests.test_exclusion_notice_must_not_hide_a_second_positive_noise_section) ... ok

======================================================================
FAIL: test_archived_explicit_exclusion_is_not_noise_inclusion (test_remaining_noise_formula.RemainingLanguageTests.test_archived_explicit_exclusion_is_not_noise_inclusion)
----------------------------------------------------------------------
Traceback (most recent call last):
  File "/private/tmp/cowork-fix-noise-formula/tests/graders/test_remaining_noise_formula.py", line 56, in test_archived_explicit_exclusion_is_not_noise_inclusion
    self.assertTrue(self.noise())
AssertionError: False is not true

======================================================================
FAIL: test_archived_formula_does_not_require_specific_local_variable_names (test_remaining_noise_formula.RemainingLanguageTests.test_archived_formula_does_not_require_specific_local_variable_names)
----------------------------------------------------------------------
Traceback (most recent call last):
  File "/private/tmp/cowork-fix-noise-formula/tests/graders/test_remaining_noise_formula.py", line 62, in test_archived_formula_does_not_require_specific_local_variable_names
    self.assertTrue(self.formula())
AssertionError: False is not true

======================================================================
FAIL: test_comments_strings_and_wrong_sign_or_coefficient_do_not_prove_formula (test_remaining_noise_formula.RemainingLanguageTests.test_comments_strings_and_wrong_sign_or_coefficient_do_not_prove_formula) (source='# avg_rating and 2 * pct_below_3stars\npass')
----------------------------------------------------------------------
Traceback (most recent call last):
  File "/private/tmp/cowork-fix-noise-formula/tests/graders/test_remaining_noise_formula.py", line 72, in test_comments_strings_and_wrong_sign_or_coefficient_do_not_prove_formula
    self.assertFalse(self.formula(source))
AssertionError: True is not false

======================================================================
FAIL: test_comments_strings_and_wrong_sign_or_coefficient_do_not_prove_formula (test_remaining_noise_formula.RemainingLanguageTests.test_comments_strings_and_wrong_sign_or_coefficient_do_not_prove_formula) (source='text="(avg_rating/5)*100 - 2*pct_below_3stars"')
----------------------------------------------------------------------
Traceback (most recent call last):
  File "/private/tmp/cowork-fix-noise-formula/tests/graders/test_remaining_noise_formula.py", line 72, in test_comments_strings_and_wrong_sign_or_coefficient_do_not_prove_formula
    self.assertFalse(self.formula(source))
AssertionError: True is not false

======================================================================
FAIL: test_comments_strings_and_wrong_sign_or_coefficient_do_not_prove_formula (test_remaining_noise_formula.RemainingLanguageTests.test_comments_strings_and_wrong_sign_or_coefficient_do_not_prove_formula) (source='qscore=(avg_rating/5)*100 + 2*pct_below_3stars')
----------------------------------------------------------------------
Traceback (most recent call last):
  File "/private/tmp/cowork-fix-noise-formula/tests/graders/test_remaining_noise_formula.py", line 72, in test_comments_strings_and_wrong_sign_or_coefficient_do_not_prove_formula
    self.assertFalse(self.formula(source))
AssertionError: True is not false

======================================================================
FAIL: test_comments_strings_and_wrong_sign_or_coefficient_do_not_prove_formula (test_remaining_noise_formula.RemainingLanguageTests.test_comments_strings_and_wrong_sign_or_coefficient_do_not_prove_formula) (source='qscore=(avg_rating/5)*100 - 3*pct_below_3stars')
----------------------------------------------------------------------
Traceback (most recent call last):
  File "/private/tmp/cowork-fix-noise-formula/tests/graders/test_remaining_noise_formula.py", line 72, in test_comments_strings_and_wrong_sign_or_coefficient_do_not_prove_formula
    self.assertFalse(self.formula(source))
AssertionError: True is not false

----------------------------------------------------------------------
Ran 5 tests in 0.179s

FAILED (failures=6)
