........FFF.
======================================================================
FAIL: test_review_contradictory_course_total_fails (test_main.TeamlyAssignmentCountTests)
----------------------------------------------------------------------
Traceback (most recent call last):
  File "/private/tmp/cowork-fix-teamly-count/tasks/finalpool/canvas-assignment-word-teamly/evaluation/test_main.py", line 78, in test_review_contradictory_course_total_fails
    self.assertFalse(self.accepted(
AssertionError: True is not false

======================================================================
FAIL: test_review_course_total_variants_pass (test_main.TeamlyAssignmentCountTests) (text='There are 10 assignments in Creative Computing & Culture')
----------------------------------------------------------------------
Traceback (most recent call last):
  File "/private/tmp/cowork-fix-teamly-count/tasks/finalpool/canvas-assignment-word-teamly/evaluation/test_main.py", line 92, in test_review_course_total_variants_pass
    self.assertTrue(self.accepted(text + ". Total points: 300."))
AssertionError: False is not true

======================================================================
FAIL: test_review_course_total_variants_pass (test_main.TeamlyAssignmentCountTests) (text='The course includes 10 assignments')
----------------------------------------------------------------------
Traceback (most recent call last):
  File "/private/tmp/cowork-fix-teamly-count/tasks/finalpool/canvas-assignment-word-teamly/evaluation/test_main.py", line 92, in test_review_course_total_variants_pass
    self.assertTrue(self.accepted(text + ". Total points: 300."))
AssertionError: False is not true

======================================================================
FAIL: test_review_course_total_variants_pass (test_main.TeamlyAssignmentCountTests) (text='10 assignments overall')
----------------------------------------------------------------------
Traceback (most recent call last):
  File "/private/tmp/cowork-fix-teamly-count/tasks/finalpool/canvas-assignment-word-teamly/evaluation/test_main.py", line 92, in test_review_course_total_variants_pass
    self.assertTrue(self.accepted(text + ". Total points: 300."))
AssertionError: False is not true

======================================================================
FAIL: test_review_course_total_variants_pass (test_main.TeamlyAssignmentCountTests) (text='10 assignments in total')
----------------------------------------------------------------------
Traceback (most recent call last):
  File "/private/tmp/cowork-fix-teamly-count/tasks/finalpool/canvas-assignment-word-teamly/evaluation/test_main.py", line 92, in test_review_course_total_variants_pass
    self.assertTrue(self.accepted(text + ". Total points: 300."))
AssertionError: False is not true

======================================================================
FAIL: test_review_negated_label_is_not_positive_total (test_main.TeamlyAssignmentCountTests)
----------------------------------------------------------------------
Traceback (most recent call last):
  File "/private/tmp/cowork-fix-teamly-count/tasks/finalpool/canvas-assignment-word-teamly/evaluation/test_main.py", line 86, in test_review_negated_label_is_not_positive_total
    self.assertFalse(self.accepted("Not total assignments: 10. Total points: 300."))
AssertionError: True is not false

======================================================================
FAIL: test_review_subset_label_cannot_hide_overall_count (test_main.TeamlyAssignmentCountTests)
----------------------------------------------------------------------
Traceback (most recent call last):
  File "/private/tmp/cowork-fix-teamly-count/tasks/finalpool/canvas-assignment-word-teamly/evaluation/test_main.py", line 82, in test_review_subset_label_cannot_hide_overall_count
    self.assertFalse(self.accepted(
AssertionError: True is not false

======================================================================
FAIL: test_subset_and_negated_labels_do_not_override_real_total (test_main.TeamlyAssignmentCountTests) (text='Total assignments: 5 completed; 10 assignments overall')
----------------------------------------------------------------------
Traceback (most recent call last):
  File "/private/tmp/cowork-fix-teamly-count/tasks/finalpool/canvas-assignment-word-teamly/evaluation/test_main.py", line 99, in test_subset_and_negated_labels_do_not_override_real_total
    self.assertTrue(self.accepted(text + ". Total points: 300."))
AssertionError: False is not true

======================================================================
FAIL: test_subset_and_negated_labels_do_not_override_real_total (test_main.TeamlyAssignmentCountTests) (text='Not total assignments: 11; The course includes 10 assignments')
----------------------------------------------------------------------
Traceback (most recent call last):
  File "/private/tmp/cowork-fix-teamly-count/tasks/finalpool/canvas-assignment-word-teamly/evaluation/test_main.py", line 99, in test_subset_and_negated_labels_do_not_override_real_total
    self.assertTrue(self.accepted(text + ". Total points: 300."))
AssertionError: False is not true

----------------------------------------------------------------------
Ran 14 tests in 0.023s

FAILED (failures=9)
